Info: Saved as "Zone01_NightWatchman.blend"
PACKED_SOURCE Zone01_NightWatchman
Info: Saved as "Zone02_GhostCaptain.blend"
PACKED_SOURCE Zone02_GhostCaptain
Info: Saved as "Zone03_IronKnight.blend"
PACKED_SOURCE Zone03_IronKnight
Info: Saved as "Zone04_GreyAgent.blend"
PACKED_SOURCE Zone04_GreyAgent
Info: Saved as "Zone05_FrostYeti.blend"
PACKED_SOURCE Zone05_FrostYeti
Info: Saved as "Zone06_Mummy.blend"
PACKED_SOURCE Zone06_Mummy
Info: Saved as "Zone07_IronTitan.blend"
PACKED_SOURCE Zone07_IronTitan
Info: Saved as "Zone08_VaultBot.blend"
PACKED_SOURCE Zone08_VaultBot
Info: Saved as "Zone09_LabMutant.blend"
PACKED_SOURCE Zone09_LabMutant
Info: Saved as "Zone10_Granny.blend"
PACKED_SOURCE Zone10_Granny
Info: Saved as "Zone11_WreckingForeman.blend"
PACKED_SOURCE Zone11_WreckingForeman
Info: Saved as "Zone12_SkyMarshal.blend"
PACKED_SOURCE Zone12_SkyMarshal
Blender 4.5.14 LTS (hash 62c1db4208e8 built 2026-09-15 01:33:49)
Read blend: "C:\Users\kyle\Desktop\Steal-A\art\guardians\models\Zone01_NightWatchman\Zone01_NightWatchman.blend"
Read blend: "C:\Users\kyle\Desktop\Steal-A\art\guardians\models\Zone02_GhostCaptain\Zone02_GhostCaptain.blend"
Read blend: "C:\Users\kyle\Desktop\Steal-A\art\guardians\models\Zone03_IronKnight\Zone03_IronKnight.blend"
Read blend: "C:\Users\kyle\Desktop\Steal-A\art\guardians\models\Zone04_GreyAgent\Zone04_GreyAgent.blend"
Read blend: "C:\Users\kyle\Desktop\Steal-A\art\guardians\models\Zone05_FrostYeti\Zone05_FrostYeti.blend"
Read blend: "C:\Users\kyle\Desktop\Steal-A\art\guardians\models\Zone06_Mummy\Zone06_Mummy.blend"
Read blend: "C:\Users\kyle\Desktop\Steal-A\art\guardians\models\Zone07_IronTitan\Zone07_IronTitan.blend"
Read blend: "C:\Users\kyle\Desktop\Steal-A\art\guardians\models\Zone08_VaultBot\Zone08_VaultBot.blend"
Read blend: "C:\Users\kyle\Desktop\Steal-A\art\guardians\models\Zone09_LabMutant\Zone09_LabMutant.blend"
Read blend: "C:\Users\kyle\Desktop\Steal-A\art\guardians\models\Zone10_Granny\Zone10_Granny.blend"
Read blend: "C:\Users\kyle\Desktop\Steal-A\art\guardians\models\Zone11_WreckingForeman\Zone11_WreckingForeman.blend"
Read blend: "C:\Users\kyle\Desktop\Steal-A\art\guardians\models\Zone12_SkyMarshal\Zone12_SkyMarshal.blend"

Blender quit
